---
source: tui/src/resume_picker.rs
expression: "format!(\"---- loading fallback ----\\n{loading_snapshot}\\n---- repaired results ----\\n{repaired_snapshot}\")"
---
---- loading fallback ----
Loading sessions…
---- repaired results ----
❯ 1d ago      unknown cwd     openai / gpt-5 · medium             <1m     fi...

  1d ago      unknown cwd     openai / gpt-5 · medium             <1m     re...

  1d ago      unknown cwd     openai / gpt-5 · medium             <1m     th...
