---
source: tui/src/resume_picker.rs
expression: snapshot
---
  Fix resume picker timestamps
  42s ago       runtime 15m       ⌁ no cwd                         no branch

❯ Investigate lazy pagination cap
  35m ago       runtime 25m       ⌁ no cwd                         no branch

  Explain the codebase
  2h ago        runtime <1m       ⌁ no cwd                         no branch
