---
source: tui/src/resume_picker.rs
expression: snapshot
---
  42s ago     unknown cwd     openai / unknown model · default... 15m     Fi...

❯ 35m ago     unknown cwd     openai / unknown model · default... 25m     In...

  2h ago      unknown cwd     openai / unknown model · default... <1m     Ex...
