---
source: tui/src/resume_picker.rs
expression: snapshot
---
  42s ago     15m     unknown cwd     unknown model:default effort        Fi...

❯ 35m ago     25m     unknown cwd     unknown model:default effort        In...

  2h ago      <1m     unknown cwd     unknown model:default effort        Ex...
