---
source: core/tests/suite/claude_native_conformance.rs
expression: "serde_json::to_string_pretty(&openai)?"
---
{
  "client_metadata": {
    "session_id": "<session_id>",
    "thread_id": "<thread_id>",
    "turn_id": "<turn_id>",
    "x-codex-installation-id": "<x-codex-installation-id>",
    "x-codex-turn-metadata": "<x-codex-turn-metadata>",
    "x-codex-window-id": "<x-codex-window-id>"
  },
  "include": [
    "reasoning.encrypted_content"
  ],
  "input": [
    {
      "content": [
        {
          "text": "responses fixture prompt",
          "type": "input_text"
        }
      ],
      "id": "<id>",
      "internal_chat_message_metadata_passthrough": {
        "turn_id": "<turn_id>"
      },
      "role": "user",
      "type": "message"
    }
  ],
  "instructions": "responses fixture system",
  "model": "gpt-5.5",
  "parallel_tool_calls": true,
  "prompt_cache_key": "<prompt_cache_key>",
  "reasoning": {
    "effort": "medium"
  },
  "store": false,
  "stream": true,
  "text": {
    "verbosity": "low"
  },
  "tool_choice": "auto",
  "tools": []
}
