---
source: kimi-code/src/transport_tests.rs
expression: failures
---
[
    RetryableStream(
        "Chat Completions stream was empty",
    ),
    RetryableStream(
        "Chat Completions stream ended before a recognized chunk",
    ),
    RetryableStream(
        "malformed Chat Completions chunk: key must be a string at line 1 column 2",
    ),
    Decode(
        InvalidToolJson {
            index: 0,
            arguments: "{",
        },
    ),
    RetryableStream(
        "Chat Completions stream ended before [DONE]",
    ),
    RetryableStream(
        "Chat Completions stream ended before [DONE]",
    ),
]
