---
source: tui/src/bottom_pane/chat_composer.rs
expression: terminal.backend()
---
"                                                                                                                        "
"› Test                                                                                                                  "
"                                                                                                                        "
"                                                                                                                        "
"                                                                                                                        "
"                                                                                                                        "
"                                                                                                                        "
"                                                                                                                        "
"  ⌥ + enter to queue message                                                                          98% context left  "
